<html>
<body>
<pre>
<h1>µVision Build Log</h1>
<h2>Tool Versions:</h2>
IDE-Version: ¦ÌVision V5.36.0.0
Copyright (C) 2021 ARM Ltd and ARM Germany GmbH. All rights reserved.
License Information: tian tyh, HP Inc., LIC=585FJ-UULHB-KPSZY-IL13Y-7NG0H-9EA8L
 
Tool Versions:
Toolchain:       MDK-ARM Plus  Version: 5.36.0.0
Toolchain Path:  d:\Tools\Keil5\ARM\ARMCLANG\Bin
C Compiler:      ArmClang.exe V6.16
Assembler:       Armasm.exe V6.16
Linker/Locator:  ArmLink.exe V6.16
Library Manager: ArmAr.exe V6.16
Hex Converter:   FromElf.exe V6.16
CPU DLL:         SARMCM3.DLL V5.36.0.0
Dialog DLL:      DARMCM1.DLL V1.19.4.0
Target DLL:      Segger\JL2CM3.dll V2.99.40.0
Dialog DLL:      TARMCM1.DLL V1.14.4.0
 
<h2>Project:</h2>
C:\Users\tyh\Desktop\da14585ÈÕÀú\da14585_290_calendar\projects\target_apps\ble_examples\ble_app_ota\Keil_5\ble_app_ota.uvprojx
Project File Date:  08/04/2025

<h2>Output:</h2>
*** Using Compiler 'V6.16', folder: 'd:\Tools\Keil5\ARM\ARMCLANG\Bin'
Rebuild target 'DA14585'
compiling system_DA14585_586.c...
assembling startup_DA14585_586.s...
compiling nmi_handler.c...
compiling nvds.c...
compiling otp_hdr.c...
compiling spi_flash.c...
compiling arch_rom.c...
compiling spi_58x.c...
compiling arch_sleep.c...
compiling jump_table.c...
compiling chacha20.c...
compiling hash.c...
compiling arch_system.c...
compiling trng.c...
compiling syscntl.c...
compiling uart.c...
compiling hardfault_handler.c...
compiling i2c_eeprom.c...
compiling battery.c...
compiling adc_58x.c...
compiling wkupct_quadec.c...
compiling hw_otpc_58x.c...
compiling dma.c...
compiling arch_console.c...
compiling gpio.c...
compiling systick.c...
compiling ble_arp.c...
compiling rf_531.c...
compiling arch_main.c...
compiling i2c.c...
compiling attm_db_128.c...
compiling prf_utils.c...
compiling custom_common.c...
compiling rwip.c...
compiling rf_585.c...
compiling diss_task.c...
compiling diss.c...
compiling rwble.c...
compiling custs1.c...
compiling prf.c...
compiling custs1_task.c...
compiling suotar_task.c...
compiling suotar.c...
compiling bass_task.c...
compiling bass.c...
compiling app_default_handlers.c...
compiling app_security.c...
compiling app_bass.c...
compiling app_task.c...
compiling app.c...
compiling app_findme.c...
compiling app_findme_task.c...
compiling app_security_task.c...
compiling app_bass_task.c...
compiling app_proxr.c...
compiling app_proxr_task.c...
compiling app_diss.c...
compiling app_diss_task.c...
compiling app_suotar_task.c...
compiling app_msg_utils.c...
compiling app_easy_msg_utils.c...
compiling app_entry_point.c...
compiling app_suotar.c...
compiling app_easy_timer.c...
compiling app_customs_task.c...
compiling app_customs.c...
compiling app_customs_common.c...
compiling app_easy_security.c...
compiling app_utils.c...
compiling app_bond_db.c...
compiling app_easy_whitelist.c...
compiling user_custs_config.c...
compiling user_custs1_def.c...
compiling user_periph_setup.c...
compiling user_ota.c...
compiling crc32.c...
compiling etime.c...
../src/EPD_2in13_V2.c(343): warning: implicit conversion from 'int' to 'uint8_t' (aka 'unsigned char') changes value from 295 to 39 [-Wconstant-conversion]
        EPD_2IN13_V2_SendData(EPD_2IN13_V2_HEIGHT-1);
        ~~~~~~~~~~~~~~~~~~~~~ ~~~~~~~~~~~~~~~~~~~^~
1 warning generated.
compiling EPD_2in13_V2.c...
../src/calendar_display.c(34): warning: implicit declaration of function 'day_of_week_get' is invalid in C99 [-Wimplicit-function-declaration]
    return day_of_week_get(month, 1, year);
           ^
../src/calendar_display.c(45): warning: implicit declaration of function 'is_leap' is invalid in C99 [-Wimplicit-function-declaration]
    uint8_t leap = is_leap(year);
                   ^
2 warnings generated.
compiling calendar_display.c...
compiling font16.c...
../src/user_custs1_impl.c(213): warning: passing 'uint8_t [50]' to parameter of type 'char *' converts between pointers to integer types where one is of the unique plain 'char' type and the other is not [-Wpointer-sign]
            sprintf(buf, "%d-%02d-%02d", g_tm.tm_year + YEAR0, g_tm.tm_mon + 1, g_tm.tm_mday);
                    ^~~
d:\Tools\Keil5\ARM\ARMCLANG\Bin\..\include\stdio.h(417): note: passing argument to parameter here
extern _ARMABI int sprintf(char * __restrict /*s*/, const char * __restrict /*format*/, ...) __attribute__((__nonnull__(1,2)));
                                                  ^
../src/user_custs1_impl.c(214): warning: passing 'uint8_t [50]' to parameter of type 'const char *' converts between pointers to integer types where one is of the unique plain 'char' type and the other is not [-Wpointer-sign]
            EPD_DrawUTF8(5, 1, 1, buf, EPD_ASCII_11X16, EPD_FontUTF8_16x16, BLACK, WHITE);
                                  ^~~
./../src/GUI_Paint.h(218): note: passing argument to parameter 'str' here
void EPD_DrawUTF8(uint16_t x, uint8_t y, uint8_t gap, const char *str, const uint8_t *ascii_font, const uint8_t *utf8_font,UWORD Color_Foreground, UWORD Color_Background);
                                                                  ^
../src/user_custs1_impl.c(215): warning: passing 'uint8_t [50]' to parameter of type 'char *' converts between pointers to integer types where one is of the unique plain 'char' type and the other is not [-Wpointer-sign]
            sprintf(buf, "æ˜ŸæœŸ%s", WEEKCN[g_tm.tm_wday]);
                    ^~~
d:\Tools\Keil5\ARM\ARMCLANG\Bin\..\include\stdio.h(417): note: passing argument to parameter here
extern _ARMABI int sprintf(char * __restrict /*s*/, const char * __restrict /*format*/, ...) __attribute__((__nonnull__(1,2)));
                                                  ^
../src/user_custs1_impl.c(216): warning: passing 'uint8_t [50]' to parameter of type 'const char *' converts between pointers to integer types where one is of the unique plain 'char' type and the other is not [-Wpointer-sign]
            EPD_DrawUTF8(5 + 125, 1, 1, buf, EPD_ASCII_11X16, EPD_FontUTF8_16x16, BLACK, WHITE);
                                        ^~~
./../src/GUI_Paint.h(218): note: passing argument to parameter 'str' here
void EPD_DrawUTF8(uint16_t x, uint8_t y, uint8_t gap, const char *str, const uint8_t *ascii_font, const uint8_t *utf8_font,UWORD Color_Foreground, UWORD Color_Background);
                                                                  ^
../src/user_custs1_impl.c(217): warning: passing 'uint8_t [50]' to parameter of type 'char *' converts between pointers to integer types where one is of the unique plain 'char' type and the other is not [-Wpointer-sign]
            sprintf(buf, "%02d", g_tm.tm_hour);
                    ^~~
d:\Tools\Keil5\ARM\ARMCLANG\Bin\..\include\stdio.h(417): note: passing argument to parameter here
extern _ARMABI int sprintf(char * __restrict /*s*/, const char * __restrict /*format*/, ...) __attribute__((__nonnull__(1,2)));
                                                  ^
../src/user_custs1_impl.c(218): warning: passing 'uint8_t [50]' to parameter of type 'const char *' converts between pointers to integer types where one is of the unique plain 'char' type and the other is not [-Wpointer-sign]
            EPD_DrawUTF8(10, 20 + 2, 5, buf, EPD_40X80_TABLE, EPD_FontUTF8_24x24, BLACK, WHITE);
                                        ^~~
./../src/GUI_Paint.h(218): note: passing argument to parameter 'str' here
void EPD_DrawUTF8(uint16_t x, uint8_t y, uint8_t gap, const char *str, const uint8_t *ascii_font, const uint8_t *utf8_font,UWORD Color_Foreground, UWORD Color_Background);
                                                                  ^
../src/user_custs1_impl.c(220): warning: passing 'uint8_t [50]' to parameter of type 'char *' converts between pointers to integer types where one is of the unique plain 'char' type and the other is not [-Wpointer-sign]
            sprintf(buf, "%02d", g_tm.tm_min);
                    ^~~
d:\Tools\Keil5\ARM\ARMCLANG\Bin\..\include\stdio.h(417): note: passing argument to parameter here
extern _ARMABI int sprintf(char * __restrict /*s*/, const char * __restrict /*format*/, ...) __attribute__((__nonnull__(1,2)));
                                                  ^
../src/user_custs1_impl.c(221): warning: passing 'uint8_t [50]' to parameter of type 'const char *' converts between pointers to integer types where one is of the unique plain 'char' type and the other is not [-Wpointer-sign]
            EPD_DrawUTF8(10 + 86 + 20, 20 + 2, 5, buf, EPD_40X80_TABLE, EPD_FontUTF8_24x24, BLACK, WHITE);
                                                  ^~~
./../src/GUI_Paint.h(218): note: passing argument to parameter 'str' here
void EPD_DrawUTF8(uint16_t x, uint8_t y, uint8_t gap, const char *str, const uint8_t *ascii_font, const uint8_t *utf8_font,UWORD Color_Foreground, UWORD Color_Background);
                                                                  ^
../src/user_custs1_impl.c(253): warning: passing 'uint8_t [50]' to parameter of type 'char *' converts between pointers to integer types where one is of the unique plain 'char' type and the other is not [-Wpointer-sign]
    sprintf(buf, "%d", cur_batt_level);
            ^~~
d:\Tools\Keil5\ARM\ARMCLANG\Bin\..\include\stdio.h(417): note: passing argument to parameter here
extern _ARMABI int sprintf(char * __restrict /*s*/, const char * __restrict /*format*/, ...) __attribute__((__nonnull__(1,2)));
                                                  ^
../src/user_custs1_impl.c(256): warning: passing 'uint8_t [50]' to parameter of type 'char *' converts between pointers to integer types where one is of the unique plain 'char' type and the other is not [-Wpointer-sign]
        sprintf(buf, " %d", cur_batt_level);
                ^~~
d:\Tools\Keil5\ARM\ARMCLANG\Bin\..\include\stdio.h(417): note: passing argument to parameter here
extern _ARMABI int sprintf(char * __restrict /*s*/, const char * __restrict /*format*/, ...) __attribute__((__nonnull__(1,2)));
                                                  ^
../src/user_custs1_impl.c(260): warning: passing 'uint8_t [50]' to parameter of type 'char *' converts between pointers to integer types where one is of the unique plain 'char' type and the other is not [-Wpointer-sign]
        sprintf(buf, "  %d", cur_batt_level);
                ^~~
d:\Tools\Keil5\ARM\ARMCLANG\Bin\..\include\stdio.h(417): note: passing argument to parameter here
extern _ARMABI int sprintf(char * __restrict /*s*/, const char * __restrict /*format*/, ...) __attribute__((__nonnull__(1,2)));
                                                  ^
../src/user_custs1_impl.c(262): warning: passing 'uint8_t [50]' to parameter of type 'const char *' converts between pointers to integer types where one is of the unique plain 'char' type and the other is not [-Wpointer-sign]
    EPD_DrawUTF8(212 - 23, 1 + 2, 0, buf, EPD_ASCII_7X12, 0, WHITE, BLACK);
                                     ^~~
./../src/GUI_Paint.h(218): note: passing argument to parameter 'str' here
void EPD_DrawUTF8(uint16_t x, uint8_t y, uint8_t gap, const char *str, const uint8_t *ascii_font, const uint8_t *utf8_font,UWORD Color_Foreground, UWORD Color_Background);
                                                                  ^
../src/user_custs1_impl.c(321): warning: passing 'uint8_t [50]' to parameter of type 'char *' converts between pointers to integer types where one is of the unique plain 'char' type and the other is not [-Wpointer-sign]
    sprintf(buf, "%d-%02d-%02d", g_tm.tm_year + YEAR0, g_tm.tm_mon + 1, g_tm.tm_mday);
            ^~~
d:\Tools\Keil5\ARM\ARMCLANG\Bin\..\include\stdio.h(417): note: passing argument to parameter here
extern _ARMABI int sprintf(char * __restrict /*s*/, const char * __restrict /*format*/, ...) __attribute__((__nonnull__(1,2)));
                                                  ^
../src/user_custs1_impl.c(323): warning: passing 'uint8_t [50]' to parameter of type 'const char *' converts between pointers to integer types where one is of the unique plain 'char' type and the other is not [-Wpointer-sign]
    EPD_DrawUTF8(5, 1, 1, buf, EPD_ASCII_11X16, EPD_FontUTF8_16x16, BLACK, WHITE);
                          ^~~
./../src/GUI_Paint.h(218): note: passing argument to parameter 'str' here
void EPD_DrawUTF8(uint16_t x, uint8_t y, uint8_t gap, const char *str, const uint8_t *ascii_font, const uint8_t *utf8_font,UWORD Color_Foreground, UWORD Color_Background);
                                                                  ^
../src/user_custs1_impl.c(324): warning: passing 'uint8_t [50]' to parameter of type 'char *' converts between pointers to integer types where one is of the unique plain 'char' type and the other is not [-Wpointer-sign]
    sprintf(buf, "æ˜ŸæœŸ%s", WEEKCN[g_tm.tm_wday]);
            ^~~
d:\Tools\Keil5\ARM\ARMCLANG\Bin\..\include\stdio.h(417): note: passing argument to parameter here
extern _ARMABI int sprintf(char * __restrict /*s*/, const char * __restrict /*format*/, ...) __attribute__((__nonnull__(1,2)));
                                                  ^
../src/user_custs1_impl.c(325): warning: passing 'uint8_t [50]' to parameter of type 'const char *' converts between pointers to integer types where one is of the unique plain 'char' type and the other is not [-Wpointer-sign]
    EPD_DrawUTF8(5 + 125, 1, 1, buf, EPD_ASCII_11X16, EPD_FontUTF8_16x16, BLACK, WHITE);
                                ^~~
./../src/GUI_Paint.h(218): note: passing argument to parameter 'str' here
void EPD_DrawUTF8(uint16_t x, uint8_t y, uint8_t gap, const char *str, const uint8_t *ascii_font, const uint8_t *utf8_font,UWORD Color_Foreground, UWORD Color_Background);
                                                                  ^
../src/user_custs1_impl.c(326): warning: passing 'uint8_t [50]' to parameter of type 'char *' converts between pointers to integer types where one is of the unique plain 'char' type and the other is not [-Wpointer-sign]
    sprintf(buf, "%02d", g_tm.tm_hour);
            ^~~
d:\Tools\Keil5\ARM\ARMCLANG\Bin\..\include\stdio.h(417): note: passing argument to parameter here
extern _ARMABI int sprintf(char * __restrict /*s*/, const char * __restrict /*format*/, ...) __attribute__((__nonnull__(1,2)));
                                                  ^
../src/user_custs1_impl.c(327): warning: passing 'uint8_t [50]' to parameter of type 'const char *' converts between pointers to integer types where one is of the unique plain 'char' type and the other is not [-Wpointer-sign]
    EPD_DrawUTF8(10, 20 + 2, 5, buf, EPD_40X80_TABLE, EPD_FontUTF8_24x24, BLACK, WHITE);
                                ^~~
./../src/GUI_Paint.h(218): note: passing argument to parameter 'str' here
void EPD_DrawUTF8(uint16_t x, uint8_t y, uint8_t gap, const char *str, const uint8_t *ascii_font, const uint8_t *utf8_font,UWORD Color_Foreground, UWORD Color_Background);
                                                                  ^
../src/user_custs1_impl.c(329): warning: passing 'uint8_t [50]' to parameter of type 'char *' converts between pointers to integer types where one is of the unique plain 'char' type and the other is not [-Wpointer-sign]
    sprintf(buf, "%02d", g_tm.tm_min);
            ^~~
d:\Tools\Keil5\ARM\ARMCLANG\Bin\..\include\stdio.h(417): note: passing argument to parameter here
extern _ARMABI int sprintf(char * __restrict /*s*/, const char * __restrict /*format*/, ...) __attribute__((__nonnull__(1,2)));
                                                  ^
../src/user_custs1_impl.c(330): warning: passing 'uint8_t [50]' to parameter of type 'const char *' converts between pointers to integer types where one is of the unique plain 'char' type and the other is not [-Wpointer-sign]
    EPD_DrawUTF8(10 + 86 + 20, 20 + 2, 5, buf, EPD_40X80_TABLE, EPD_FontUTF8_24x24, BLACK, WHITE);
                                          ^~~
./../src/GUI_Paint.h(218): note: passing argument to parameter 'str' here
void EPD_DrawUTF8(uint16_t x, uint8_t y, uint8_t gap, const char *str, const uint8_t *ascii_font, const uint8_t *utf8_font,UWORD Color_Foreground, UWORD Color_Background);
                                                                  ^
../src/user_custs1_impl.c(333): warning: passing 'uint8_t [50]' to parameter of type 'char *' converts between pointers to integer types where one is of the unique plain 'char' type and the other is not [-Wpointer-sign]
    sprintf(buf, "%d", cur_batt_level);
            ^~~
d:\Tools\Keil5\ARM\ARMCLANG\Bin\..\include\stdio.h(417): note: passing argument to parameter here
extern _ARMABI int sprintf(char * __restrict /*s*/, const char * __restrict /*format*/, ...) __attribute__((__nonnull__(1,2)));
                                                  ^
../src/user_custs1_impl.c(336): warning: passing 'uint8_t [50]' to parameter of type 'char *' converts between pointers to integer types where one is of the unique plain 'char' type and the other is not [-Wpointer-sign]
        sprintf(buf, " %d", cur_batt_level);
                ^~~
d:\Tools\Keil5\ARM\ARMCLANG\Bin\..\include\stdio.h(417): note: passing argument to parameter here
extern _ARMABI int sprintf(char * __restrict /*s*/, const char * __restrict /*format*/, ...) __attribute__((__nonnull__(1,2)));
                                                  ^
../src/user_custs1_impl.c(340): warning: passing 'uint8_t [50]' to parameter of type 'char *' converts between pointers to integer types where one is of the unique plain 'char' type and the other is not [-Wpointer-sign]
        sprintf(buf, "  %d", cur_batt_level);
                ^~~
d:\Tools\Keil5\ARM\ARMCLANG\Bin\..\include\stdio.h(417): note: passing argument to parameter here
extern _ARMABI int sprintf(char * __restrict /*s*/, const char * __restrict /*format*/, ...) __attribute__((__nonnull__(1,2)));
                                                  ^
../src/user_custs1_impl.c(342): warning: passing 'uint8_t [50]' to parameter of type 'const char *' converts between pointers to integer types where one is of the unique plain 'char' type and the other is not [-Wpointer-sign]
    EPD_DrawUTF8(212 - 23, 1 + 2, 0, buf, EPD_ASCII_7X12, 0, WHITE, BLACK);
                                     ^~~
./../src/GUI_Paint.h(218): note: passing argument to parameter 'str' here
void EPD_DrawUTF8(uint16_t x, uint8_t y, uint8_t gap, const char *str, const uint8_t *ascii_font, const uint8_t *utf8_font,UWORD Color_Foreground, UWORD Color_Background);
                                                                  ^
24 warnings generated.
compiling user_custs1_impl.c...
compiling font8.c...
compiling font12.c...
../src/analog_clock.c(223): warning: implicit declaration of function 'is_leap' is invalid in C99 [-Wimplicit-function-declaration]
        uint8_t leap = is_leap(year);
                       ^
../src/analog_clock.c(224): warning: implicit declaration of function 'day_of_week_get' is invalid in C99 [-Wimplicit-function-declaration]
        uint8_t first_day = day_of_week_get(month, 1, year);
                            ^
2 warnings generated.
compiling analog_clock.c...
compiling font20.c...
compiling font12CN.c...
compiling font16CN.c...
compiling GUI_Paint.c...
compiling font24.c...
compiling font24CN.c...
compiling lunar.c...
compiling ImageData.c...
linking...
Program Size: Code=39668 RO-data=14544 RW-data=8 ZI-data=20492  
FromELF: creating hex file...
After Build - User command #1: fromelf --bincombined --output=".\out_DA14585\Objects\ble_app_ota_585_29.bin"  ".\out_DA14585\Objects\ble_app_ota_585_29.axf"
".\out_DA14585\Objects\ble_app_ota_585_29.axf" - 0 Error(s), 29 Warning(s).

<h2>Software Packages used:</h2>

Package Vendor: ARM
                http://www.keil.com/pack/ARM.CMSIS.5.8.0.pack
                ARM.CMSIS.5.8.0
                CMSIS (Common Microcontroller Software Interface Standard)

<h2>Collection of Component include folders:</h2>
  D:\Tools\Keil5\Arm\Packs\ARM\CMSIS\5.8.0\Device\ARM\ARMCM0\Include

<h2>Collection of Component Files used:</h2>
Build Time Elapsed:  00:00:07
</pre>
</body>
</html>
